// Jest Snapshot v1, https://goo.gl/fbAQLP

exports[`discounted chart snapshot 1`] = `
<section
  class="bg-white p-4 rounded-xl shadow-md h-80"
>
  <div
    class="mb-2"
  >
    <button
      class="px-3 py-1 rounded-full text-sm mr-2 bg-slate-200 text-slate-700"
    >
      Nominal
    </button>
    <button
      class="px-3 py-1 rounded-full text-sm bg-amber-600 text-white"
    >
      Discounted
    </button>
  </div>
  <div
    class="recharts-responsive-container"
    style="width: 100%; height: 100%; min-width: 0;"
  />
</section>
`;
