// Jest Snapshot v1, https://goo.gl/fbAQLP

exports[`investments tab placeholder snapshot 1`] = `
<div
  class="space-y-8 p-6"
>
  <h2
    class="text-2xl font-bold text-amber-800"
  >
    Investments
  </h2>
  <section>
    <h3
      class="text-xl font-bold text-amber-800 mb-4"
    >
      Asset List
    </h3>
    <div
      class="grid gap-4"
    >
      <div
        class="grid grid-cols-1 sm:grid-cols-7 gap-2 items-center mb-1 bg-white p-2 rounded-md shadow relative"
      >
        <div>
          <label
            class="block text-sm font-medium"
            for="fc853948-cc17-4c84-ab8b-7a71cb2e6e73-name"
          >
            Name
          </label>
          <input
            class="border p-2 rounded-md w-full"
            id="fc853948-cc17-4c84-ab8b-7a71cb2e6e73-name"
            type="text"
            value="Cash"
          />
        </div>
        <div>
          <label
            class="block text-sm font-medium"
            for="fc853948-cc17-4c84-ab8b-7a71cb2e6e73-amount"
          >
            Amount (
            KES
            )
          </label>
          <input
            class="border p-2 rounded-md w-full text-right"
            id="fc853948-cc17-4c84-ab8b-7a71cb2e6e73-amount"
            type="number"
            value="500000"
          />
        </div>
        <div>
          <label
            class="block text-sm font-medium"
            for="fc853948-cc17-4c84-ab8b-7a71cb2e6e73-type"
          >
            Type
          </label>
          <select
            class="border p-2 rounded-md w-full"
            id="fc853948-cc17-4c84-ab8b-7a71cb2e6e73-type"
          >
            <option
              value="Cash"
            >
              Cash
            </option>
            <option
              value="Portfolio"
            >
              Portfolio
            </option>
            <option
              value="Real Estate"
            >
              Real Estate
            </option>
            <option
              value="Other"
            >
              Other
            </option>
          </select>
        </div>
        <div>
          <label
            class="block text-sm font-medium"
            for="fc853948-cc17-4c84-ab8b-7a71cb2e6e73-expectedReturn"
          >
            Expected Return (%)
          </label>
          <input
            class="border p-2 rounded-md w-full text-right"
            id="fc853948-cc17-4c84-ab8b-7a71cb2e6e73-expectedReturn"
            step="0.1"
            type="number"
            value="2"
          />
        </div>
        <div>
          <label
            class="block text-sm font-medium"
            for="fc853948-cc17-4c84-ab8b-7a71cb2e6e73-volatility"
          >
            Volatility (%)
          </label>
          <input
            class="border p-2 rounded-md w-full text-right"
            id="fc853948-cc17-4c84-ab8b-7a71cb2e6e73-volatility"
            step="0.1"
            type="number"
            value="1"
          />
        </div>
        <div>
          <label
            class="block text-sm font-medium"
            for="fc853948-cc17-4c84-ab8b-7a71cb2e6e73-horizonYears"
          >
            Horizon (Years)
          </label>
          <input
            class="border p-2 rounded-md w-full text-right"
            id="fc853948-cc17-4c84-ab8b-7a71cb2e6e73-horizonYears"
            step="1"
            type="number"
            value="0"
          />
        </div>
        <button
          class="absolute top-1 right-1 text-lg"
        >
          ❌
        </button>
      </div>
      <div
        class="grid grid-cols-1 sm:grid-cols-7 gap-2 items-center mb-1 bg-white p-2 rounded-md shadow relative"
      >
        <div>
          <label
            class="block text-sm font-medium"
            for="5b218e09-7e00-41f9-8430-e34cca70cf68-name"
          >
            Name
          </label>
          <input
            class="border p-2 rounded-md w-full"
            id="5b218e09-7e00-41f9-8430-e34cca70cf68-name"
            type="text"
            value="Investments"
          />
        </div>
        <div>
          <label
            class="block text-sm font-medium"
            for="5b218e09-7e00-41f9-8430-e34cca70cf68-amount"
          >
            Amount (
            KES
            )
          </label>
          <input
            class="border p-2 rounded-md w-full text-right"
            id="5b218e09-7e00-41f9-8430-e34cca70cf68-amount"
            type="number"
            value="1000000"
          />
        </div>
        <div>
          <label
            class="block text-sm font-medium"
            for="5b218e09-7e00-41f9-8430-e34cca70cf68-type"
          >
            Type
          </label>
          <select
            class="border p-2 rounded-md w-full"
            id="5b218e09-7e00-41f9-8430-e34cca70cf68-type"
          >
            <option
              value="Cash"
            >
              Cash
            </option>
            <option
              value="Portfolio"
            >
              Portfolio
            </option>
            <option
              value="Real Estate"
            >
              Real Estate
            </option>
            <option
              value="Other"
            >
              Other
            </option>
          </select>
        </div>
        <div>
          <label
            class="block text-sm font-medium"
            for="5b218e09-7e00-41f9-8430-e34cca70cf68-expectedReturn"
          >
            Expected Return (%)
          </label>
          <input
            class="border p-2 rounded-md w-full text-right"
            id="5b218e09-7e00-41f9-8430-e34cca70cf68-expectedReturn"
            step="0.1"
            type="number"
            value="8"
          />
        </div>
        <div>
          <label
            class="block text-sm font-medium"
            for="5b218e09-7e00-41f9-8430-e34cca70cf68-volatility"
          >
            Volatility (%)
          </label>
          <input
            class="border p-2 rounded-md w-full text-right"
            id="5b218e09-7e00-41f9-8430-e34cca70cf68-volatility"
            step="0.1"
            type="number"
            value="15"
          />
        </div>
        <div>
          <label
            class="block text-sm font-medium"
            for="5b218e09-7e00-41f9-8430-e34cca70cf68-horizonYears"
          >
            Horizon (Years)
          </label>
          <input
            class="border p-2 rounded-md w-full text-right"
            id="5b218e09-7e00-41f9-8430-e34cca70cf68-horizonYears"
            step="1"
            type="number"
            value="5"
          />
        </div>
        <button
          class="absolute top-1 right-1 text-lg"
        >
          ❌
        </button>
      </div>
      <div
        class="grid grid-cols-1 sm:grid-cols-7 gap-2 items-center mb-1 bg-white p-2 rounded-md shadow relative"
      >
        <div>
          <label
            class="block text-sm font-medium"
            for="pv-income-name"
          >
            Name
          </label>
          <input
            class="border p-2 rounded-md w-full"
            id="pv-income-name"
            type="text"
            value="PV of Lifetime Income"
          />
        </div>
        <div>
          <label
            class="block text-sm font-medium"
            for="pv-income-amount"
          >
            Amount (
            KES
            )
          </label>
          <input
            class="border p-2 rounded-md w-full text-right"
            id="pv-income-amount"
            type="number"
            value="NaN"
          />
        </div>
        <div>
          <label
            class="block text-sm font-medium"
            for="pv-income-type"
          >
            Type
          </label>
          <select
            class="border p-2 rounded-md w-full"
            id="pv-income-type"
          >
            <option
              value="Cash"
            >
              Cash
            </option>
            <option
              value="Portfolio"
            >
              Portfolio
            </option>
            <option
              value="Real Estate"
            >
              Real Estate
            </option>
            <option
              value="Other"
            >
              Other
            </option>
          </select>
        </div>
        <div>
          <label
            class="block text-sm font-medium"
            for="pv-income-expectedReturn"
          >
            Expected Return (%)
          </label>
          <input
            class="border p-2 rounded-md w-full text-right"
            id="pv-income-expectedReturn"
            step="0.1"
            type="number"
            value="0"
          />
        </div>
        <div>
          <label
            class="block text-sm font-medium"
            for="pv-income-volatility"
          >
            Volatility (%)
          </label>
          <input
            class="border p-2 rounded-md w-full text-right"
            id="pv-income-volatility"
            step="0.1"
            type="number"
            value="0"
          />
        </div>
        <div>
          <label
            class="block text-sm font-medium"
            for="pv-income-horizonYears"
          >
            Horizon (Years)
          </label>
          <input
            class="border p-2 rounded-md w-full text-right"
            id="pv-income-horizonYears"
            step="1"
            type="number"
            value="0"
          />
        </div>
        <button
          class="absolute top-1 right-1 text-lg"
        >
          ❌
        </button>
      </div>
      <div
        class="grid grid-cols-1 sm:grid-cols-7 gap-2 items-center mb-1 bg-white p-2 rounded-md shadow relative"
      >
        <div>
          <label
            class="block text-sm font-medium"
            for="projected-pension-value-name"
          >
            Name
          </label>
          <input
            class="border p-2 rounded-md w-full"
            id="projected-pension-value-name"
            type="text"
            value="Projected Pension Value"
          />
        </div>
        <div>
          <label
            class="block text-sm font-medium"
            for="projected-pension-value-amount"
          >
            Amount (
            KES
            )
          </label>
          <input
            class="border p-2 rounded-md w-full text-right"
            id="projected-pension-value-amount"
            type="number"
            value="0"
          />
        </div>
        <div>
          <label
            class="block text-sm font-medium"
            for="projected-pension-value-type"
          >
            Type
          </label>
          <select
            class="border p-2 rounded-md w-full"
            id="projected-pension-value-type"
          >
            <option
              value="Cash"
            >
              Cash
            </option>
            <option
              value="Portfolio"
            >
              Portfolio
            </option>
            <option
              value="Real Estate"
            >
              Real Estate
            </option>
            <option
              value="Other"
            >
              Other
            </option>
          </select>
        </div>
        <div>
          <label
            class="block text-sm font-medium"
            for="projected-pension-value-expectedReturn"
          >
            Expected Return (%)
          </label>
          <input
            class="border p-2 rounded-md w-full text-right"
            id="projected-pension-value-expectedReturn"
            step="0.1"
            type="number"
            value="8"
          />
        </div>
        <div>
          <label
            class="block text-sm font-medium"
            for="projected-pension-value-volatility"
          >
            Volatility (%)
          </label>
          <input
            class="border p-2 rounded-md w-full text-right"
            id="projected-pension-value-volatility"
            step="0.1"
            type="number"
            value="0"
          />
        </div>
        <div>
          <label
            class="block text-sm font-medium"
            for="projected-pension-value-horizonYears"
          >
            Horizon (Years)
          </label>
          <input
            class="border p-2 rounded-md w-full text-right"
            id="projected-pension-value-horizonYears"
            step="1"
            type="number"
            value="25"
          />
        </div>
        <button
          class="absolute top-1 right-1 text-lg"
        >
          ❌
        </button>
      </div>
    </div>
    <button
      class="mt-4 bg-amber-400 hover:bg-amber-300 text-white px-4 py-2 rounded-md focus:outline-none focus:ring-2 focus:ring-amber-500"
    >
      ➕ Add Asset
    </button>
  </section>
  <section
    class="bg-white p-4 rounded-xl shadow-md"
  >
    <h3
      class="text-lg font-bold text-amber-800 mb-2"
    >
      Portfolio Summary
    </h3>
    <p>
      Total Assets: 
      1.5 M
    </p>
  </section>
</div>
`;
