// Jest Snapshot v1, https://goo.gl/fbAQLP

exports[`retirement tab placeholder snapshot 1`] = `
<h2
  class="text-2xl font-bold text-amber-700"
>
  Retirement
</h2>
`;
